[mp3-youtube.download/en.html]
[backblue.gif]
[fade.gif]
[index.html]
[mp3-youtube.download/ca.html]
[mp3-youtube.download/de.html]
[mp3-youtube.download/es.html]
[mp3-youtube.download/fr.html]
[mp3-youtube.download/it.html]
[mp3-youtube.download/nl.html]
[mp3-youtube.download/pl.html]
[mp3-youtube.download/pt.html]
[mp3-youtube.download/ro.html]
[mp3-youtube.download/tr.html]
[mp3-youtube.download/bg.html]
[mp3-youtube.download/ru.html]
[mp3-youtube.download/images/facebook1b56.png]
[mp3-youtube.download/manifestffd3.json]
[mp3-youtube.download/favicon94d1.ico]
[mp3-youtube.download/icons/apple-touch-icone7c7.png]
[mp3-youtube.download/icons/favicon-32x328545.png]
[mp3-youtube.download/icons/favicon-16x16ef4b.png]
[mp3-youtube.download/icons/safari-pinned-tab376f.svg]
[mp3-youtube.download/images/flags/4x3/bg.svg]
[mp3-youtube.download/images/flags/4x3/de.svg]
[mp3-youtube.download/images/flags/4x3/es.svg]
[mp3-youtube.download/images/flags/4x3/fr.svg]
[mp3-youtube.download/images/flags/4x3/gb.svg]
[mp3-youtube.download/images/flags/4x3/it.svg]
[mp3-youtube.download/images/flags/4x3/nl.svg]
[mp3-youtube.download/images/flags/4x3/pl.svg]
[mp3-youtube.download/images/flags/4x3/pt.svg]
[mp3-youtube.download/images/flags/4x3/ro.svg]
[mp3-youtube.download/images/flags/4x3/ru.svg]
[mp3-youtube.download/images/flags/4x3/tr.svg]
[mp3-youtube.download/images/flags/4x3/es-ct.svg]
[mp3-youtube.download/en/faq.html]
[mp3-youtube.download/en/copyright.html]
[mp3-youtube.download/en/blog.html]
[mp3-youtube.download/en/privacy.html]
[mp3-youtube.download/en.html]
[mp3-youtube.download/js/appb634.js]
[mp3-youtube.download/uhwcpdm2ec9m8stgum1n/index.html]
[mp3-youtube.download/ca/pmf.html]
[mp3-youtube.download/ca/copyright.html]
[mp3-youtube.download/ca/blog.html]
[mp3-youtube.download/ca.html]
[mp3-youtube.download/ca/privacy.html]
[mp3-youtube.download/de/faq.html]
[mp3-youtube.download/de/copyright.html]
[mp3-youtube.download/de/blog.html]
[mp3-youtube.download/de.html]
[mp3-youtube.download/de/datenschutzrichtlinie.html]
[mp3-youtube.download/es/faq.html]
[mp3-youtube.download/es/copyright.html]
[mp3-youtube.download/es/blog.html]
[mp3-youtube.download/es.html]
[mp3-youtube.download/es/privacidad.html]
[mp3-youtube.download/fr/faq.html]
[mp3-youtube.download/fr/copyright.html]
[mp3-youtube.download/fr/blog.html]
[mp3-youtube.download/fr.html]
[mp3-youtube.download/fr/confidentialite.html]
[mp3-youtube.download/it/faq.html]
[mp3-youtube.download/it/copyright.html]
[mp3-youtube.download/it/blog.html]
[mp3-youtube.download/it.html]
[mp3-youtube.download/it/riservatezza.html]
[mp3-youtube.download/nl/faq.html]
[mp3-youtube.download/nl/copyright.html]
[mp3-youtube.download/nl/blog.html]
[mp3-youtube.download/nl.html]
[mp3-youtube.download/nl/privacybeleid.html]
[mp3-youtube.download/pl/faq.html]
[mp3-youtube.download/pl/copyright.html]
[mp3-youtube.download/pl/blog.html]
[mp3-youtube.download/pl.html]
[mp3-youtube.download/pl/prywatnosc.html]
[mp3-youtube.download/pt/faq.html]
[mp3-youtube.download/pt/copyright.html]
[mp3-youtube.download/pt/blog.html]
[mp3-youtube.download/pt.html]
[mp3-youtube.download/pt/privacidade.html]
[mp3-youtube.download/ro/faq.html]
[mp3-youtube.download/ro/copyright.html]
[mp3-youtube.download/ro/blog.html]
[mp3-youtube.download/ro.html]
[mp3-youtube.download/ro/privacy.html]
[mp3-youtube.download/tr/sss.html]
[mp3-youtube.download/tr/telif-hakki.html]
[mp3-youtube.download/tr/blog.html]
[mp3-youtube.download/tr.html]
[mp3-youtube.download/tr/gizlilik.html]
[mp3-youtube.download/bg/faq.html]
[mp3-youtube.download/bg/copyright.html]
[mp3-youtube.download/bg/blog.html]
[mp3-youtube.download/bg.html]
[mp3-youtube.download/bg/poveritelnost.html]
[mp3-youtube.download/ru/faq.html]
[mp3-youtube.download/ru/copyright.html]
[mp3-youtube.download/ru/blog.html]
[mp3-youtube.download/ru.html]
[mp3-youtube.download/index.html]
[mp3-youtube.download/icons/safari-pinned-tab376f.svg]
[mp3-youtube.download/images/flags/4x3/bg.svg]
[mp3-youtube.download/images/flags/4x3/de.svg]
[mp3-youtube.download/images/flags/4x3/es.svg]
[mp3-youtube.download/images/flags/4x3/fr.svg]
[mp3-youtube.download/images/flags/4x3/gb.svg]
[mp3-youtube.download/images/flags/4x3/it.svg]
[mp3-youtube.download/images/flags/4x3/nl.svg]
[mp3-youtube.download/images/flags/4x3/pl.svg]
[mp3-youtube.download/images/flags/4x3/pt.svg]
[mp3-youtube.download/images/flags/4x3/ro.svg]
[mp3-youtube.download/images/flags/4x3/ru.svg]
[mp3-youtube.download/images/flags/4x3/tr.svg]
[mp3-youtube.download/images/flags/4x3/es-ct.svg]
[mp3-youtube.download/ru/konfidencialnost.html]
[mp3-youtube.download/en/faq.html]
[mp3-youtube.download/en/contact.html]
[mp3-youtube.download/en/copyright.html]
[mp3-youtube.download/en/blog/change-on-youtube-side-error-message-this-url-does-not-exist.html]
[mp3-youtube.download/en/blog/our-website-is-now-faster.html]
[mp3-youtube.download/en/blog/what-happened-last-night.html]
[mp3-youtube.download/en/blog/which-websites-are-compatible-with-our-youtube-mp3-converter.html]
[mp3-youtube.download/en/blog.html]
[mp3-youtube.download/en/blog/our-new-blog-is-live.html]
[mp3-youtube.download/en/privacy.html]
[mp3-youtube.download/ca/pmf.html]
[mp3-youtube.download/ca/contact.html]
[mp3-youtube.download/ca/copyright.html]
[mp3-youtube.download/ca/blog/change-on-youtube-side-error-message-this-url-does-not-exist.html]
[mp3-youtube.download/ca/blog/our-website-is-now-faster.html]
[mp3-youtube.download/ca/blog/what-happened-last-night.html]
[mp3-youtube.download/ca/blog/which-websites-are-compatible-with-our-youtube-mp3-converter.html]
[mp3-youtube.download/ca/blog.html]
[mp3-youtube.download/ca/blog/our-new-blog-is-live.html]
[mp3-youtube.download/ca/privacy.html]
[mp3-youtube.download/de/faq.html]
[mp3-youtube.download/de/contact.html]
[mp3-youtube.download/de/copyright.html]
[mp3-youtube.download/de/blog/change-on-youtube-side-error-message-this-url-does-not-exist.html]
[mp3-youtube.download/de/blog/our-website-is-now-faster.html]
[mp3-youtube.download/de/blog/what-happened-last-night.html]
[mp3-youtube.download/de/blog/which-websites-are-compatible-with-our-youtube-mp3-converter.html]
[mp3-youtube.download/de/blog.html]
[mp3-youtube.download/de/blog/our-new-blog-is-live.html]
[mp3-youtube.download/de/datenschutzrichtlinie.html]
[mp3-youtube.download/es/faq.html]
[mp3-youtube.download/es/contact.html]
[mp3-youtube.download/es/copyright.html]
[mp3-youtube.download/es/blog/change-on-youtube-side-error-message-this-url-does-not-exist.html]
[mp3-youtube.download/es/blog/our-website-is-now-faster.html]
[mp3-youtube.download/es/blog/what-happened-last-night.html]
[mp3-youtube.download/es/blog/which-websites-are-compatible-with-our-youtube-mp3-converter.html]
[mp3-youtube.download/es/blog.html]
[mp3-youtube.download/es/blog/our-new-blog-is-live.html]
[mp3-youtube.download/es/privacidad.html]
[mp3-youtube.download/fr/faq.html]
[mp3-youtube.download/fr/contact.html]
[mp3-youtube.download/fr/copyright.html]
[mp3-youtube.download/fr/blog/change-on-youtube-side-error-message-this-url-does-not-exist.html]
[mp3-youtube.download/fr/blog/our-website-is-now-faster.html]
[mp3-youtube.download/fr/blog/what-happened-last-night.html]
[mp3-youtube.download/fr/blog/which-websites-are-compatible-with-our-youtube-mp3-converter.html]
[mp3-youtube.download/fr/blog.html]
[mp3-youtube.download/fr/blog/our-new-blog-is-live.html]
[mp3-youtube.download/fr/confidentialite.html]
[mp3-youtube.download/it/faq.html]
[mp3-youtube.download/it/contact.html]
[mp3-youtube.download/it/copyright.html]
[mp3-youtube.download/it/blog/change-on-youtube-side-error-message-this-url-does-not-exist.html]
[mp3-youtube.download/it/blog/our-website-is-now-faster.html]
[mp3-youtube.download/it/blog/what-happened-last-night.html]
[mp3-youtube.download/it/blog/which-websites-are-compatible-with-our-youtube-mp3-converter.html]
[mp3-youtube.download/it/blog.html]
[mp3-youtube.download/it/blog/our-new-blog-is-live.html]
[mp3-youtube.download/it/riservatezza.html]
[mp3-youtube.download/nl/faq.html]
[mp3-youtube.download/nl/contact.html]
[mp3-youtube.download/nl/copyright.html]
[mp3-youtube.download/nl/blog/change-on-youtube-side-error-message-this-url-does-not-exist.html]
[mp3-youtube.download/nl/blog/our-website-is-now-faster.html]
[mp3-youtube.download/nl/blog/what-happened-last-night.html]
[mp3-youtube.download/nl/blog/which-websites-are-compatible-with-our-youtube-mp3-converter.html]
[mp3-youtube.download/nl/blog.html]
[mp3-youtube.download/nl/blog/our-new-blog-is-live.html]
[mp3-youtube.download/nl/privacybeleid.html]
[mp3-youtube.download/pl/kontakt]
[mp3-youtube.download/pl/faq.html]
[mp3-youtube.download/pl/copyright.html]
[mp3-youtube.download/pl/blog/change-on-youtube-side-error-message-this-url-does-not-exist.html]
[mp3-youtube.download/pl/blog/our-website-is-now-faster.html]
[mp3-youtube.download/pl/blog/what-happened-last-night.html]
[mp3-youtube.download/pl/blog/which-websites-are-compatible-with-our-youtube-mp3-converter.html]
[mp3-youtube.download/pl/blog.html]
[mp3-youtube.download/pl/blog/our-new-blog-is-live.html]
[mp3-youtube.download/pl/prywatnosc.html]
[mp3-youtube.download/pl/contact.html]
[mp3-youtube.download/pt/faq.html]
[mp3-youtube.download/pt/contact.html]
[mp3-youtube.download/pt/copyright.html]
[mp3-youtube.download/pt/blog/change-on-youtube-side-error-message-this-url-does-not-exist.html]
[mp3-youtube.download/pt/blog/our-website-is-now-faster.html]
[mp3-youtube.download/pt/blog/what-happened-last-night.html]
[mp3-youtube.download/pt/blog/which-websites-are-compatible-with-our-youtube-mp3-converter.html]
[mp3-youtube.download/pt/blog.html]
[mp3-youtube.download/pt/blog/our-new-blog-is-live.html]
[mp3-youtube.download/pt/privacidade.html]
[mp3-youtube.download/ro/faq.html]
[mp3-youtube.download/ro/contact.html]
[mp3-youtube.download/ro/copyright.html]
[mp3-youtube.download/ro/blog/change-on-youtube-side-error-message-this-url-does-not-exist.html]
[mp3-youtube.download/ro/blog/our-website-is-now-faster.html]
[mp3-youtube.download/ro/blog/what-happened-last-night.html]
[mp3-youtube.download/ro/blog/which-websites-are-compatible-with-our-youtube-mp3-converter.html]
[mp3-youtube.download/ro/blog.html]
[mp3-youtube.download/ro/blog/our-new-blog-is-live.html]
[mp3-youtube.download/ro/privacy.html]
[mp3-youtube.download/tr/sss.html]
[mp3-youtube.download/tr/contact.html]
[mp3-youtube.download/tr/telif-hakki.html]
[mp3-youtube.download/tr/blog/change-on-youtube-side-error-message-this-url-does-not-exist.html]
[mp3-youtube.download/tr/blog/our-website-is-now-faster.html]
[mp3-youtube.download/tr/blog/what-happened-last-night.html]
[mp3-youtube.download/tr/blog/which-websites-are-compatible-with-our-youtube-mp3-converter.html]
[mp3-youtube.download/tr/blog.html]
[mp3-youtube.download/tr/blog/our-new-blog-is-live.html]
[mp3-youtube.download/tr/gizlilik.html]
[mp3-youtube.download/bg/faq.html]
[mp3-youtube.download/bg/contact.html]
[mp3-youtube.download/bg/copyright.html]
[mp3-youtube.download/bg/blog/change-on-youtube-side-error-message-this-url-does-not-exist.html]
[mp3-youtube.download/bg/blog/our-website-is-now-faster.html]
[mp3-youtube.download/bg/blog/what-happened-last-night.html]
[mp3-youtube.download/bg/blog/which-websites-are-compatible-with-our-youtube-mp3-converter.html]
[mp3-youtube.download/bg/blog.html]
[mp3-youtube.download/bg/blog/our-new-blog-is-live.html]
[mp3-youtube.download/bg/poveritelnost.html]
[mp3-youtube.download/ru/faq.html]
[mp3-youtube.download/ru/copyright.html]
[mp3-youtube.download/ru/contact.html]
[mp3-youtube.download/ru/blog/change-on-youtube-side-error-message-this-url-does-not-exist.html]
[mp3-youtube.download/ru/blog/our-website-is-now-faster.html]
[mp3-youtube.download/ru/blog/what-happened-last-night.html]
[mp3-youtube.download/ru/blog/which-websites-are-compatible-with-our-youtube-mp3-converter.html]
[mp3-youtube.download/ru/blog.html]
[mp3-youtube.download/ru/blog/our-new-blog-is-live.html]
[mp3-youtube.download/ru/konfidencialnost.html]
[cdn.polyfill.io/v2/polyfill.min.js]
[www.google.com/recaptcha/apifef7.js]
[mp3-youtube.download/en/contact.html]
[mp3-youtube.download/en/blog/change-on-youtube-side-error-message-this-url-does-not-exist.html]
[mp3-youtube.download/en/blog/our-website-is-now-faster.html]
[mp3-youtube.download/en/blog/what-happened-last-night.html]
[mp3-youtube.download/en/blog/which-websites-are-compatible-with-our-youtube-mp3-converter.html]
[mp3-youtube.download/en/blog/our-new-blog-is-live.html]
[www.google.com/recaptcha/apia3bf.js]
[mp3-youtube.download/ca/contact.html]
[mp3-youtube.download/ca/blog/change-on-youtube-side-error-message-this-url-does-not-exist.html]
[mp3-youtube.download/ca/blog/our-website-is-now-faster.html]
[mp3-youtube.download/ca/blog/what-happened-last-night.html]
[mp3-youtube.download/ca/blog/which-websites-are-compatible-with-our-youtube-mp3-converter.html]
[mp3-youtube.download/ca/blog/our-new-blog-is-live.html]
[www.google.com/recaptcha/api0016.js]
[mp3-youtube.download/de/contact.html]
[mp3-youtube.download/de/blog/change-on-youtube-side-error-message-this-url-does-not-exist.html]
[mp3-youtube.download/de/blog/our-website-is-now-faster.html]
[mp3-youtube.download/de/blog/what-happened-last-night.html]
[mp3-youtube.download/de/blog/which-websites-are-compatible-with-our-youtube-mp3-converter.html]
[mp3-youtube.download/de/blog/our-new-blog-is-live.html]
[www.google.com/recaptcha/apide3a.js]
[mp3-youtube.download/es/contact.html]
[mp3-youtube.download/es/blog/change-on-youtube-side-error-message-this-url-does-not-exist.html]
[mp3-youtube.download/es/blog/our-website-is-now-faster.html]
[mp3-youtube.download/es/blog/what-happened-last-night.html]
[mp3-youtube.download/es/blog/which-websites-are-compatible-with-our-youtube-mp3-converter.html]
[mp3-youtube.download/es/blog/our-new-blog-is-live.html]
[www.google.com/recaptcha/api7d7c.js]
[mp3-youtube.download/fr/contact.html]
[mp3-youtube.download/fr/blog/change-on-youtube-side-error-message-this-url-does-not-exist.html]
[mp3-youtube.download/fr/blog/our-website-is-now-faster.html]
[mp3-youtube.download/fr/blog/what-happened-last-night.html]
[mp3-youtube.download/fr/blog/which-websites-are-compatible-with-our-youtube-mp3-converter.html]
[mp3-youtube.download/fr/blog/our-new-blog-is-live.html]
[www.google.com/recaptcha/apia209.js]
[mp3-youtube.download/it/contact.html]
[mp3-youtube.download/it/blog/change-on-youtube-side-error-message-this-url-does-not-exist.html]
[mp3-youtube.download/it/blog/our-website-is-now-faster.html]
[mp3-youtube.download/it/blog/what-happened-last-night.html]
[mp3-youtube.download/it/blog/which-websites-are-compatible-with-our-youtube-mp3-converter.html]
[mp3-youtube.download/it/blog/our-new-blog-is-live.html]
[www.google.com/recaptcha/api5a9d.js]
[mp3-youtube.download/nl/contact.html]
[mp3-youtube.download/nl/blog/change-on-youtube-side-error-message-this-url-does-not-exist.html]
[mp3-youtube.download/nl/blog/our-website-is-now-faster.html]
[mp3-youtube.download/nl/blog/what-happened-last-night.html]
[mp3-youtube.download/nl/blog/which-websites-are-compatible-with-our-youtube-mp3-converter.html]
[mp3-youtube.download/nl/blog/our-new-blog-is-live.html]
[mp3-youtube.download/pl/kontakt.html]
[mp3-youtube.download/pl/blog/change-on-youtube-side-error-message-this-url-does-not-exist.html]
[mp3-youtube.download/pl/blog/our-website-is-now-faster.html]
[mp3-youtube.download/pl/blog/what-happened-last-night.html]
[mp3-youtube.download/pl/blog/which-websites-are-compatible-with-our-youtube-mp3-converter.html]
[mp3-youtube.download/pl/blog/our-new-blog-is-live.html]
[www.google.com/recaptcha/apib2db.js]
[mp3-youtube.download/pl/contact.html]
[www.google.com/recaptcha/api28b7.js]
[mp3-youtube.download/pt/contact.html]
[mp3-youtube.download/pt/blog/change-on-youtube-side-error-message-this-url-does-not-exist.html]
[mp3-youtube.download/pt/blog/our-website-is-now-faster.html]
[mp3-youtube.download/pt/blog/what-happened-last-night.html]
[mp3-youtube.download/pt/blog/which-websites-are-compatible-with-our-youtube-mp3-converter.html]
[mp3-youtube.download/pt/blog/our-new-blog-is-live.html]
[www.google.com/recaptcha/apib058.js]
[mp3-youtube.download/ro/contact.html]
[mp3-youtube.download/ro/blog/change-on-youtube-side-error-message-this-url-does-not-exist.html]
[mp3-youtube.download/ro/blog/our-website-is-now-faster.html]
[mp3-youtube.download/ro/blog/what-happened-last-night.html]
[mp3-youtube.download/ro/blog/which-websites-are-compatible-with-our-youtube-mp3-converter.html]
[mp3-youtube.download/ro/blog/our-new-blog-is-live.html]
[www.google.com/recaptcha/api9e3e.js]
[mp3-youtube.download/tr/contact.html]
[mp3-youtube.download/tr/blog/change-on-youtube-side-error-message-this-url-does-not-exist.html]
[mp3-youtube.download/tr/blog/our-website-is-now-faster.html]
[mp3-youtube.download/tr/blog/what-happened-last-night.html]
[mp3-youtube.download/tr/blog/which-websites-are-compatible-with-our-youtube-mp3-converter.html]
[mp3-youtube.download/tr/blog/our-new-blog-is-live.html]
[www.google.com/recaptcha/api3a7e.js]
[mp3-youtube.download/bg/contact.html]
[mp3-youtube.download/bg/blog/change-on-youtube-side-error-message-this-url-does-not-exist.html]
[mp3-youtube.download/bg/blog/our-website-is-now-faster.html]
[mp3-youtube.download/bg/blog/what-happened-last-night.html]
[mp3-youtube.download/bg/blog/which-websites-are-compatible-with-our-youtube-mp3-converter.html]
[mp3-youtube.download/bg/blog/our-new-blog-is-live.html]
[www.google.com/recaptcha/api9201.js]
[mp3-youtube.download/ru/contact.html]
[mp3-youtube.download/ru/blog/change-on-youtube-side-error-message-this-url-does-not-exist.html]
[mp3-youtube.download/ru/blog/our-website-is-now-faster.html]
[mp3-youtube.download/ru/blog/what-happened-last-night.html]
[mp3-youtube.download/ru/blog/which-websites-are-compatible-with-our-youtube-mp3-converter.html]
[mp3-youtube.download/ru/blog/our-new-blog-is-live.html]
